../Core/Src/main.c:142:5:main	8	static
../Core/Src/main.c:257:6:SystemClock_Config	88	static
../Core/Src/main.c:303:13:MX_ADC1_Init	24	static
../Core/Src/main.c:355:13:MX_CRC_Init	8	static
../Core/Src/main.c:381:13:MX_DMA2D_Init	8	static
../Core/Src/main.c:418:13:MX_I2C3_Init	8	static
../Core/Src/main.c:466:13:MX_LTDC_Init	112	static
../Core/Src/main.c:548:13:MX_SPI5_Init	8	static
../Core/Src/main.c:586:13:MX_TIM1_Init	32	static
../Core/Src/main.c:632:13:MX_TIM2_Init	32	static
../Core/Src/main.c:677:13:MX_USART1_UART_Init	8	static
../Core/Src/main.c:706:13:MX_FMC_Init	40	static
../Core/Src/main.c:757:13:MX_GPIO_Init	64	static
../Core/Src/main.c:842:5:_write	24	static
../Core/Src/main.c:857:6:StartDefaultTask	16	static
../Core/Src/main.c:877:6:ButtonPolling	24	static
../Core/Src/main.c:906:6:EntropyTask	24	static
../Core/Src/main.c:932:6:GameLogicTask	112	static
../Core/Src/main.c:1090:6:HAL_TIM_PeriodElapsedCallback	16	static
../Core/Src/main.c:1107:6:Error_Handler	4	static,ignoring_inline_asm
